Changing the caller to 1
1 is transferring 101 to 2
THROW
Balance of 1 is 100
Balance of 2 is 0
Allowance of 1 for 2 is 0
<IMP>
  <ERC20>
    <caller>
      1
    </caller>
    <k>
      .
    </k>
    <accounts>
      <account>
        <id>
          1
        </id>
        <balance>
          100
        </balance>
      </account> <account>
        <id>
          2
        </id>
        <balance>
          0
        </balance>
      </account>
    </accounts>
    <allowances>
      <allowance1>
        <owner>
          1
        </owner>
        <spenders>
          <allow>
            <spender>
              2
            </spender>
            <amount>
              0
            </amount>
          </allow>
        </spenders>
      </allowance1> <allowance1>
        <owner>
          2
        </owner>
        <spenders>
          .AllowCellBag
        </spenders>
      </allowance1>
    </allowances>
    <log>
      Events:
    </log>
    <supply>
      100
    </supply>
  </ERC20>
  <state>
    a |-> 0
    amount |-> 101
    b |-> 2
    caller |-> 1
    initialHolder |-> 1
    initialSupply |-> 100
    recipient |-> 2
    v |-> 101
  </state>
  <input>
    ListItem ( #buffer ( "" ) )
    ListItem ( "on" )
    ListItem ( #istream ( 0 ) )
  </input>
  <output>
    ListItem ( #ostream ( 1 ) )
    ListItem ( "on" )
    ListItem ( #buffer ( "" ) )
  </output>
  <throwAsPrint>
    true
  </throwAsPrint>
  <printStrings>
    true
  </printStrings>
</IMP>
